
[TestDoScan/Test_curl_git_scanning - 1]
{
  "results": [
    {
      "source": {
        "path": "",
        "type": "unknown"
      },
      "packages": [
        {
          "package": {
            "name": "",
            "version": "",
            "ecosystem": "",
            "commit": "33dffa3909a67e1b5d22647128ab7eb6e53fd0c7"
          },
          "groups": [
            {
              "ids": [
                "CVE-2025-63675"
              ],
              "aliases": [
                "CVE-2025-63675",
                "GHSA-97w9-v595-3h5q"
              ],
              "max_severity": "6.9"
            }
          ],
          "vulnerabilities": [
            {
              "affected": [
                {
                  "database_specific": {
                    "source": "https://storage.googleapis.com/cve-osv-conversion/osv-output/CVE-2025-63675.json"
                  },
                  "ranges": [
                    {
                      "events": [
                        {
                          "introduced": "0"
                        },
                        {
                          "last_affected": "33dffa3909a67e1b5d22647128ab7eb6e53fd0c7"
                        }
                      ],
                      "repo": "https://github.com/netinvent/cryptidy",
                      "type": "GIT"
                    }
                  ],
                  "versions": [
                    "v1.0.4",
                    "v1.0.5",
                    "v1.0.7",
                    "v1.1.0",
                    "v1.2.0",
                    "v1.2.1",
                    "v1.2.2",
                    "v1.2.3",
                    "v1.2.4"
                  ]
                }
              ],
              "aliases": [
                "GHSA-97w9-v595-3h5q"
              ],
              "details": "cryptidy through 1.2.4 allows code execution via untrusted data because pickle.loads is used. This occurs in aes_decrypt_message in symmetric_encryption.py.",
              "id": "CVE-2025-63675",
              "modified": "2025-11-20T12:40:18.293227Z",
              "published": "2025-10-31T07:15:38.283Z",
              "references": [
                {
                  "type": "WEB",
                  "url": "https://github.com/netinvent/cryptidy/blob/cebc9ffd54cc20679d15a1a43ca9a5da645b0c58/cryptidy/symmetric_encryption.py#L220-L238"
                },
                {
                  "type": "PACKAGE",
                  "url": "https://github.com/javiermorales36/cryptidy-analysis"
                }
              ],
              "schema_version": "1.7.3",
              "severity": [
                {
                  "score": "CVSS:3.1/AV:L/AC:H/PR:N/UI:N/S:U/C:H/I:H/A:L",
                  "type": "CVSS_V3"
                }
              ]
            }
          ]
        }
      ]
    }
  ],
  "experimental_config": {
    "licenses": {
      "summary": false,
      "allowlist": null
    }
  }
}
---
