
[TestResolveEnabledExtractors_Presets/artifact - 1]
chrome/extensions
containers/containerd
containers/dockerbaseimage
containers/podman
dotnet/pe
go/binary
java/archive
javascript/nodemodules
javascript/packagejson
os/apk
os/cos
os/dpkg
os/flatpak
os/homebrew
os/kernel/module
os/kernel/vmlinuz
os/macapps
os/nix
os/pacman
os/portage
os/rpm
os/snap
python/wheelegg
rust/cargoauditable
sbom/cdx
sbom/spdx
vscode/extensions
wordpress/plugins
---

[TestResolveEnabledExtractors_Presets/directory - 1]
filesystem/vendored
vcs/gitrepo
---

[TestResolveEnabledExtractors_Presets/lockfile - 1]
cpp/conanlock
dart/pubspec
dotnet/depsjson
dotnet/packagesconfig
dotnet/packageslockjson
elixir/mixlock
erlang/mixlock
go/gomod
haskell/cabal
haskell/stacklock
java/gradlelockfile
java/gradleverificationmetadataxml
java/pomxmlenhanceable
javascript/bunlock
javascript/packagejson
javascript/packagelockjson
javascript/pnpmlock
javascript/yarnlock
php/composerlock
python/condameta
python/pdmlock
python/pipfilelock
python/poetrylock
python/requirementsenhanceable
python/setup
python/uvlock
r/renvlock
ruby/gemfilelock
ruby/gemspec
rust/cargolock
rust/cargotoml
swift/packageresolved
swift/podfilelock
---

[TestResolveEnabledExtractors_Presets/sbom - 1]
sbom/cdx
sbom/spdx
---
