
[TestCommand_SubCommands/with_a_flag - 1]
Scanning dir ../fixtures/locks-one-with-nested
Scanned <rootdir>/osv-scanner/fixtures/locks-one-with-nested/nested/composer.lock file and found 1 package
Scanned <rootdir>/osv-scanner/fixtures/locks-one-with-nested/yarn.lock file and found 1 package
No issues found

---

[TestCommand_SubCommands/with_a_flag - 2]

---

[TestCommand_SubCommands/with_image_subcommand - 1]
NAME:
   osv-scanner scan image - detects vulnerabilities in a container image's dependencies, pulling the image if it's not found locally

USAGE:
   osv-scanner scan image [command options] [image imageNameWithTag]

DESCRIPTION:
   detects vulnerabilities in a container image's dependencies, pulling the image if it's not found locally

OPTIONS:
   --archive                     input a local archive image (e.g. a tar file) (default: false)
   --config value                set/override config file
   --format value, -f value      sets the output format; value can be: table, html, vertical, json, markdown, sarif, gh-annotations, cyclonedx-1-4, cyclonedx-1-5 (default: "table")
   --serve                       output as HTML result and serve it locally (default: false)
   --port value                  port number to use when serving HTML report (default: 8000)
   --output value                saves the result to the given file path
   --verbosity value             specify the level of information that should be provided during runtime; value can be: error, warn, info (default: "info")
   --offline                     run in offline mode, disabling any features requiring network access (default: false)
   --offline-vulnerabilities     checks for vulnerabilities using local databases that are already cached (default: false)
   --download-offline-databases  downloads vulnerability databases for offline comparison (default: false)
   --no-resolve                  disable transitive dependency resolution of manifest files (default: false)
   --all-packages                when json output is selected, prints all packages (default: false)
   --licenses value              report on licenses based on an allowlist
   --help, -h                    show help

---

[TestCommand_SubCommands/with_image_subcommand - 2]
Warning: `image` exists as both a subcommand of OSV-Scanner and as a file on the filesystem. `image` is assumed to be a subcommand here. If you intended for `image` to be an argument to `source`, you must specify `source image` in your command line.

---

[TestCommand_SubCommands/with_no_subcommands - 1]
Scanning dir ../fixtures/locks-many/composer.lock
Scanned <rootdir>/osv-scanner/fixtures/locks-many/composer.lock file and found 1 package
Loaded filter from: <rootdir>/osv-scanner/fixtures/locks-many/osv-scanner.toml
No issues found

---

[TestCommand_SubCommands/with_no_subcommands - 2]

---

[TestCommand_SubCommands/with_no_subcommands,_showing_help - 1]
NAME:
   osv-scanner scan source - scans a source project's dependencies for known vulnerabilities using the OSV database.

USAGE:
   osv-scanner scan source [command options] [directory1 directory2...]

DESCRIPTION:
   scans a source project's dependencies for known vulnerabilities using the OSV database.

OPTIONS:
   --lockfile value, -L value [ --lockfile value, -L value ]  scan package lockfile on this path
   --sbom value, -S value [ --sbom value, -S value ]          scan sbom file on this path, the sbom file name must follow the relevant spec
   --recursive, -r                                            check subdirectories (default: false)
   --no-ignore                                                also scan files that would be ignored by .gitignore (default: false)
   --call-analysis value [ --call-analysis value ]            attempt call analysis on code to detect only active vulnerabilities
   --no-call-analysis value [ --no-call-analysis value ]      disables call graph analysis
   --include-git-root                                         include scanning git root (non-submoduled) repositories (default: false)
   --data-source value                                        source to fetch package information from; value can be: deps.dev, native (default: "deps.dev")
   --maven-registry value                                     URL of the default registry to fetch Maven metadata
   --config value                                             set/override config file
   --format value, -f value                                   sets the output format; value can be: table, html, vertical, json, markdown, sarif, gh-annotations, cyclonedx-1-4, cyclonedx-1-5 (default: "table")
   --serve                                                    output as HTML result and serve it locally (default: false)
   --port value                                               port number to use when serving HTML report (default: 8000)
   --output value                                             saves the result to the given file path
   --verbosity value                                          specify the level of information that should be provided during runtime; value can be: error, warn, info (default: "info")
   --offline                                                  run in offline mode, disabling any features requiring network access (default: false)
   --offline-vulnerabilities                                  checks for vulnerabilities using local databases that are already cached (default: false)
   --download-offline-databases                               downloads vulnerability databases for offline comparison (default: false)
   --no-resolve                                               disable transitive dependency resolution of manifest files (default: false)
   --all-packages                                             when json output is selected, prints all packages (default: false)
   --licenses value                                           report on licenses based on an allowlist
   --help, -h                                                 show help

---

[TestCommand_SubCommands/with_no_subcommands,_showing_help - 2]

---

[TestCommand_SubCommands/with_source_subcommand - 1]
NAME:
   osv-scanner scan source - scans a source project's dependencies for known vulnerabilities using the OSV database.

USAGE:
   osv-scanner scan source [command options] [directory1 directory2...]

DESCRIPTION:
   scans a source project's dependencies for known vulnerabilities using the OSV database.

OPTIONS:
   --lockfile value, -L value [ --lockfile value, -L value ]  scan package lockfile on this path
   --sbom value, -S value [ --sbom value, -S value ]          scan sbom file on this path, the sbom file name must follow the relevant spec
   --recursive, -r                                            check subdirectories (default: false)
   --no-ignore                                                also scan files that would be ignored by .gitignore (default: false)
   --call-analysis value [ --call-analysis value ]            attempt call analysis on code to detect only active vulnerabilities
   --no-call-analysis value [ --no-call-analysis value ]      disables call graph analysis
   --include-git-root                                         include scanning git root (non-submoduled) repositories (default: false)
   --data-source value                                        source to fetch package information from; value can be: deps.dev, native (default: "deps.dev")
   --maven-registry value                                     URL of the default registry to fetch Maven metadata
   --config value                                             set/override config file
   --format value, -f value                                   sets the output format; value can be: table, html, vertical, json, markdown, sarif, gh-annotations, cyclonedx-1-4, cyclonedx-1-5 (default: "table")
   --serve                                                    output as HTML result and serve it locally (default: false)
   --port value                                               port number to use when serving HTML report (default: 8000)
   --output value                                             saves the result to the given file path
   --verbosity value                                          specify the level of information that should be provided during runtime; value can be: error, warn, info (default: "info")
   --offline                                                  run in offline mode, disabling any features requiring network access (default: false)
   --offline-vulnerabilities                                  checks for vulnerabilities using local databases that are already cached (default: false)
   --download-offline-databases                               downloads vulnerability databases for offline comparison (default: false)
   --no-resolve                                               disable transitive dependency resolution of manifest files (default: false)
   --all-packages                                             when json output is selected, prints all packages (default: false)
   --licenses value                                           report on licenses based on an allowlist
   --help, -h                                                 show help

---

[TestCommand_SubCommands/with_source_subcommand - 2]
Warning: `source` exists as both a subcommand of OSV-Scanner and as a file on the filesystem. `source` is assumed to be a subcommand here. If you intended for `source` to be an argument to `source`, you must specify `source source` in your command line.

---
